
C:\Users\haha morning\Chess>C:/raylib/w64devkit/bin/make.exe RAYLIB_PATH=C:/raylib/raylib PROJECT_NAME=Chess.exe OBJS=Chess/*.cpp BUILD_MODE=DEBUG 
mingw32-make Chess.exe
make[1]: Entering directory 'C:/Users/haha morning/Chess'
g++ -o Chess.exe Chess/*.cpp -Wall -std=c++14 -D_DEFAULT_SOURCE -Wno-missing-braces -g -O0 C:/raylib/raylib/src/raylib.rc.data -I. -IC:/raylib/raylib/src -IC:/raylib/raylib/src/external -L. -LC:/raylib/raylib/src -LC:/raylib/raylib/src -lraylib -lopengl32 -lgdi32 -lwinmm -lws2_32 -DPLATFORM_DESKTOP
make[1]: Leaving directory 'C:/Users/haha morning/Chess'

C:\Users\haha morning\Chess>move Chess.exe Chess/Chess.exe 
        1 ˜¨®œå˜ £œ«˜¡ ¤ãŸž¡˜¤.

C:\Users\haha morning\Chess>cd Chess 

C:\Users\haha morning\Chess\Chess>Chess.exe
Loaded file: networks/nnRe-evalInMasterGamesErrorCorrection.nn with size of: 68893 bytes
Launching Stockfish..
Loaded file: networks/testedNonRandom3LayersBIG.nn with size of: 68893 bytes
Loaded file: networks/nnRe-evalInMasterGames.nn with size of: 68893 bytes
Loaded file: networks/nnRe-evalInMasterGamesErrorCorrection.nn with size of: 68893 bytes
Stockfish 280524 64 by T. Romstad, M. Costalba, J. Kiiski, G. Linscott
Loaded file: networks/predictorTest.nn with size of: 201130 bytes
INFO: Initializing raylib 5.0
INFO: Platform backend: DESKTOP (GLFW)
INFO: Supported raylib modules:
INFO:     > rcore:..... loaded (mandatory)
INFO:     > rlgl:...... loaded (mandatory)
INFO:     > rshapes:... loaded (optional)
INFO:     > rtextures:. loaded (optional)
INFO:     > rtext:..... loaded (optional)
INFO:     > rmodels:... loaded (optional)
INFO:     > raudio:.... loaded (optional)
INFO: DISPLAY: Device initialized successfully
INFO:     > Display size: 1920 x 1080
INFO:     > Screen size:  1272 x 616
INFO:     > Render size:  1272 x 616
INFO:     > Viewport offsets: 0, 0
INFO: GLAD: OpenGL extensions loaded successfully
INFO: GL: Supported extensions count: 187
INFO: GL: OpenGL device information:
INFO:     > Vendor:   Intel
INFO:     > Renderer: Intel(R) HD Graphics
INFO:     > Version:  3.3.0 - Build 10.18.10.4276
INFO:     > GLSL:     3.30 - Build 10.18.10.4276
INFO: GL: VAO extension detected, VAO functions loaded successfully
INFO: GL: NPOT textures extension detected, full NPOT textures supported
INFO: GL: DXT compressed textures supported
INFO: GL: ETC2/EAC compressed textures supported
INFO: PLATFORM: DESKTOP (GLFW): Initialized successfully
INFO: TEXTURE: [ID 1] Texture loaded successfully (1x1 | R8G8B8A8 | 1 mipmaps)
INFO: TEXTURE: [ID 1] Default texture loaded successfully
INFO: SHADER: [ID 1] Vertex shader compiled successfully
INFO: SHADER: [ID 2] Fragment shader compiled successfully
INFO: SHADER: [ID 3] Program shader loaded successfully
INFO: SHADER: [ID 3] Default shader loaded successfully
INFO: RLGL: Render batch vertex buffers loaded successfully in RAM (CPU)
INFO: RLGL: Render batch vertex buffers loaded successfully in VRAM (GPU)
INFO: RLGL: Default OpenGL state initialized successfully
INFO: TEXTURE: [ID 2] Texture loaded successfully (128x128 | GRAY_ALPHA | 1 mipmaps)
INFO: FONT: Default font loaded successfully (224 glyphs)
INFO: TIMER: Target time per frame: 16.667 milliseconds
INFO: FILEIO: [spritesheet.png] File loaded successfully
INFO: IMAGE: Data loaded successfully (1200x400 | R8G8B8A8 | 1 mipmaps)
INFO: TEXTURE: [ID 3] Texture loaded successfully (67x67 | R8G8B8A8 | 1 mipmaps)
INFO: TEXTURE: [ID 4] Texture loaded successfully (67x67 | R8G8B8A8 | 1 mipmaps)
INFO: TEXTURE: [ID 5] Texture loaded successfully (67x67 | R8G8B8A8 | 1 mipmaps)
INFO: TEXTURE: [ID 6] Texture loaded successfully (67x67 | R8G8B8A8 | 1 mipmaps)
INFO: TEXTURE: [ID 7] Texture loaded successfully (67x67 | R8G8B8A8 | 1 mipmaps)
INFO: TEXTURE: [ID 8] Texture loaded successfully (67x67 | R8G8B8A8 | 1 mipmaps)
INFO: TEXTURE: [ID 9] Texture loaded successfully (67x67 | R8G8B8A8 | 1 mipmaps)
INFO: TEXTURE: [ID 10] Texture loaded successfully (67x67 | R8G8B8A8 | 1 mipmaps)
INFO: TEXTURE: [ID 11] Texture loaded successfully (67x67 | R8G8B8A8 | 1 mipmaps)
INFO: TEXTURE: [ID 12] Texture loaded successfully (67x67 | R8G8B8A8 | 1 mipmaps)
INFO: TEXTURE: [ID 13] Texture loaded successfully (67x67 | R8G8B8A8 | 1 mipmaps)
INFO: TEXTURE: [ID 14] Texture loaded successfully (67x67 | R8G8B8A8 | 1 mipmaps)
Connecting with server...
Connected Successfully with Stockfish server!
$2013
2133
2042
INFO: TEXTURE: [ID 2] Unloaded texture data from VRAM (GPU)
INFO: SHADER: [ID 3] Default shader unloaded successfully
INFO: TEXTURE: [ID 1] Default texture unloaded successfully
INFO: Window closed successfully
Waiting For Input... 
Server Closed!

C:\Users\haha morning\Chess\Chess>cd .. 

C:\Users\haha morning\Chess>timeout 99999 

€¤˜£¦¤ã š ˜ 99999 ›œ¬«œ¨æ¢œ§«˜, §˜«ã©«œ â¤˜ §¢ã¡«¨¦ š ˜ ©¬¤â®œ ˜ ...999989999799996
